
> beauty-salon-bot@1.0.0 test:e2e
> npx playwright test


Running 14 tests using 1 worker

  тЬШ   1 [chromium] тА║ tests\booking.spec.ts:60:3 тА║ ╨Ч╨░╨┐╨╕╤Б╤М ╨▓ ╤Б╨░╨╗╨╛╨╜ тА║ 1. /start ╨╛╤В╨║╤А╤Л╨▓╨░╨╡╤В ╨│╨╗╨░╨▓╨╜╨╛╨╡ ╨╝╨╡╨╜╤О (2.8s)
  тЬШ   2 [chromium] тА║ tests\booking.spec.ts:66:3 тА║ ╨Ч╨░╨┐╨╕╤Б╤М ╨▓ ╤Б╨░╨╗╨╛╨╜ тА║ 2. ╨Т╤Л╨▒╨╛╤А ╤Г╤Б╨╗╤Г╨│╨╕ (2.7s)
  тЬШ   3 [chromium] тА║ tests\booking.spec.ts:71:3 тА║ ╨Ч╨░╨┐╨╕╤Б╤М ╨▓ ╤Б╨░╨╗╨╛╨╜ тА║ 3. ╨Т╤Л╨▒╨╛╤А ╨╝╨░╤Б╤В╨╡╤А╨░ (2.7s)
  тЬШ   4 [chromium] тА║ tests\booking.spec.ts:75:3 тА║ ╨Ч╨░╨┐╨╕╤Б╤М ╨▓ ╤Б╨░╨╗╨╛╨╜ тА║ 4. ╨Т╤Л╨▒╨╛╤А ╨┤╨░╤В╤Л (2.7s)
  тЬШ   5 [chromium] тА║ tests\booking.spec.ts:79:3 тА║ ╨Ч╨░╨┐╨╕╤Б╤М ╨▓ ╤Б╨░╨╗╨╛╨╜ тА║ 5. ╨Т╤Л╨▒╨╛╤А ╨▓╤А╨╡╨╝╨╡╨╜╨╕ (2.8s)
  тЬШ   6 [chromium] тА║ tests\booking.spec.ts:84:3 тА║ ╨Ч╨░╨┐╨╕╤Б╤М ╨▓ ╤Б╨░╨╗╨╛╨╜ тА║ 6. ╨Т╨▓╨╛╨┤ ╨╕╨╝╨╡╨╜╨╕ (2.7s)
  тЬШ   7 [chromium] тА║ tests\booking.spec.ts:90:3 тА║ ╨Ч╨░╨┐╨╕╤Б╤М ╨▓ ╤Б╨░╨╗╨╛╨╜ тА║ 7. ╨Т╨▓╨╛╨┤ ╤В╨╡╨╗╨╡╤Д╨╛╨╜╨░ (2.7s)
  тЬШ   8 [chromium] тА║ tests\booking.spec.ts:97:3 тА║ ╨Ч╨░╨┐╨╕╤Б╤М ╨▓ ╤Б╨░╨╗╨╛╨╜ тА║ 8. ╨Я╨╛╨┤╤В╨▓╨╡╤А╨╢╨┤╨╡╨╜╨╕╨╡ ╨╖╨░╨┐╨╕╤Б╨╕ (2.7s)
  тЬШ   9 [chromium] тА║ tests\booking.spec.ts:105:3 тА║ ╨Ч╨░╨┐╨╕╤Б╤М ╨▓ ╤Б╨░╨╗╨╛╨╜ тА║ 9. ╨г╤Б╨┐╨╡╤И╨╜╨╛╨╡ ╤Б╨╛╤Е╤А╨░╨╜╨╡╨╜╨╕╨╡ ╨╖╨░╨┐╨╕╤Б╨╕ (2.7s)
  тЬШ  10 [chromium] тА║ tests\booking.spec.ts:110:3 тА║ ╨Ч╨░╨┐╨╕╤Б╤М ╨▓ ╤Б╨░╨╗╨╛╨╜ тА║ 10. ╨Ю╤В╨╝╨╡╨╜╨░ ╨╖╨░╨┐╨╕╤Б╨╕ (2.7s)
  тЬШ  11 [chromium] тА║ tests\booking.spec.ts:116:3 тА║ ╨Ч╨░╨┐╨╕╤Б╤М ╨▓ ╤Б╨░╨╗╨╛╨╜ тА║ 11. ╨Э╨╡╨╗╤М╨╖╤П ╨╖╨░╨┐╨╕╤Б╨░╤В╤М ╨┤╨▓╤Г╤Е ╨║╨╗╨╕╨╡╨╜╤В╨╛╨▓ ╨║ ╨╛╨┤╨╜╨╛╨╝╤Г ╨╝╨░╤Б╤В╨╡╤А╤Г ╨▓ ╨╛╨┤╨╜╨╛ ╨╕ ╤В╨╛ ╨╢╨╡ ╨▓╤А╨╡╨╝╤П (2.7s)
  тЬШ  12 [chromium] тА║ tests\booking.spec.ts:129:3 тА║ ╨Ч╨░╨┐╨╕╤Б╤М ╨▓ ╤Б╨░╨╗╨╛╨╜ тА║ 12. ╨Э╨╡╨╗╤М╨╖╤П ╨╖╨░╨┐╨╕╤Б╨░╤В╤М ╨║╨╗╨╕╨╡╨╜╤В╨░ ╨║ ╨╝╨░╤Б╤В╨╡╤А╤Г, ╨║╨╛╤В╨╛╤А╤Л╨╣ ╨╜╨╡ ╨╛╨║╨░╨╖╤Л╨▓╨░╨╡╤В ╨▓╤Л╨▒╤А╨░╨╜╨╜╤Г╤О ╤Г╤Б╨╗╤Г╨│╤Г (2.7s)
  тЬШ  13 [chromium] тА║ tests\booking.spec.ts:135:3 тА║ ╨Ч╨░╨┐╨╕╤Б╤М ╨▓ ╤Б╨░╨╗╨╛╨╜ тА║ 13. ╨Ч╨░╨┐╨╕╤Б╤М ╨╜╨░ ╤Г╤Б╨╗╤Г╨│╤Г ╨┤╨╛╤Б╤В╤Г╨┐╨╜╨░ ╤В╨╛╨╗╤М╨║╨╛ ╨▓ ╤А╨░╨▒╨╛╤З╨╕╨╡ ╤З╨░╤Б╤Л ╤Б╨░╨╗╨╛╨╜╨░ (2.7s)
  тЬШ  14 [chromium] тА║ tests\booking.spec.ts:143:3 тА║ ╨Ч╨░╨┐╨╕╤Б╤М ╨▓ ╤Б╨░╨╗╨╛╨╜ тА║ 14. ╨Ч╨░╨┐╨╕╤Б╤М ╨╜╨░ ╨┐╤А╨╛╤И╨╗╤Г╤О ╨┤╨░╤В╤Г тАФ ╨╛╤И╨╕╨▒╨║╨░ (2.7s)


  1) [chromium] тА║ tests\booking.spec.ts:60:3 тА║ ╨Ч╨░╨┐╨╕╤Б╤М ╨▓ ╤Б╨░╨╗╨╛╨╜ тА║ 1. /start ╨╛╤В╨║╤А╤Л╨▓╨░╨╡╤В ╨│╨╗╨░╨▓╨╜╨╛╨╡ ╨╝╨╡╨╜╤О тФАтФАтФА

    Error: page.goto: net::ERR_CONNECTION_REFUSED at http://localhost:3000/
    Call log:
      - navigating to "http://localhost:3000/", waiting until "load"


      59 | test.describe('╨Ч╨░╨┐╨╕╤Б╤М ╨▓ ╤Б╨░╨╗╨╛╨╜', () => {
      60 |   test('1. /start ╨╛╤В╨║╤А╤Л╨▓╨░╨╡╤В ╨│╨╗╨░╨▓╨╜╨╛╨╡ ╨╝╨╡╨╜╤О', async ({ page }) => {
    > 61 |     await page.goto('/');
         |                ^
      62 |     await expect(page.getByText('ЁЯТЕ ╨Ч╨░╨┐╨╕╤Б╨░╤В╤М╤Б╤П')).toBeVisible();
      63 |     await expect(page.getByText('тЭМ ╨Ю╤В╨╝╨╡╨╜╨╕╤В╤М ╨╖╨░╨┐╨╕╤Б╤М')).toBeVisible();
      64 |   });
        at C:\Users\╨Ь╨╕╤А╨░\telegram\tests\booking.spec.ts:61:16

    attachment #1: screenshot (image/png) тФАтФАтФАтФАтФАтФАтФАтФАтФАтФАтФАтФАтФАтФАтФАтФАтФАтФАтФАтФАтФАтФАтФАтФАтФАтФАтФАтФАтФАтФАтФАтФАтФАтФАтФАтФАтФАтФАтФАтФАтФАтФАтФАтФАтФАтФАтФАтФАтФАтФАтФАтФАтФАтФАтФАтФАтФАтФА
    test-results\booking-╨Ч╨░╨┐╨╕╤Б╤М-╨▓-╤Б╨░╨╗╨╛╨╜-1-start-╨╛╤В╨║╤А╤Л╨▓╨░╨╡╤В-╨│╨╗╨░╨▓╨╜╨╛╨╡-╨╝╨╡╨╜╤О-chromium\test-failed-1.png
    тФАтФАтФАтФАтФАтФАтФАтФАтФАтФАтФАтФАтФАтФАтФАтФАтФАтФАтФАтФАтФАтФАтФАтФАтФАтФАтФАтФАтФАтФАтФАтФАтФАтФАтФАтФАтФАтФАтФАтФАтФАтФАтФАтФАтФАтФАтФАтФАтФАтФАтФАтФАтФАтФАтФАтФАтФАтФАтФАтФАтФАтФАтФАтФАтФАтФАтФАтФАтФАтФАтФАтФАтФАтФАтФАтФАтФАтФАтФАтФАтФАтФАтФАтФАтФАтФАтФАтФАтФАтФАтФАтФАтФАтФАтФАтФА

    Error Context: test-results\booking-╨Ч╨░╨┐╨╕╤Б╤М-╨▓-╤Б╨░╨╗╨╛╨╜-1-start-╨╛╤В╨║╤А╤Л╨▓╨░╨╡╤В-╨│╨╗╨░╨▓╨╜╨╛╨╡-╨╝╨╡╨╜╤О-chromium\error-context.md

    attachment #3: trace (application/zip) тФАтФАтФАтФАтФАтФАтФАтФАтФАтФАтФАтФАтФАтФАтФАтФАтФАтФАтФАтФАтФАтФАтФАтФАтФАтФАтФАтФАтФАтФАтФАтФАтФАтФАтФАтФАтФАтФАтФАтФАтФАтФАтФАтФАтФАтФАтФАтФАтФАтФАтФАтФАтФАтФАтФАтФАтФА
    test-results\booking-╨Ч╨░╨┐╨╕╤Б╤М-╨▓-╤Б╨░╨╗╨╛╨╜-1-start-╨╛╤В╨║╤А╤Л╨▓╨░╨╡╤В-╨│╨╗╨░╨▓╨╜╨╛╨╡-╨╝╨╡╨╜╤О-chromium\trace.zip
    Usage:

        npx playwright show-trace test-results\booking-╨Ч╨░╨┐╨╕╤Б╤М-╨▓-╤Б╨░╨╗╨╛╨╜-1-start-╨╛╤В╨║╤А╤Л╨▓╨░╨╡╤В-╨│╨╗╨░╨▓╨╜╨╛╨╡-╨╝╨╡╨╜╤О-chromium\trace.zip

    тФАтФАтФАтФАтФАтФАтФАтФАтФАтФАтФАтФАтФАтФАтФАтФАтФАтФАтФАтФАтФАтФАтФАтФАтФАтФАтФАтФАтФАтФАтФАтФАтФАтФАтФАтФАтФАтФАтФАтФАтФАтФАтФАтФАтФАтФАтФАтФАтФАтФАтФАтФАтФАтФАтФАтФАтФАтФАтФАтФАтФАтФАтФАтФАтФАтФАтФАтФАтФАтФАтФАтФАтФАтФАтФАтФАтФАтФАтФАтФАтФАтФАтФАтФАтФАтФАтФАтФАтФАтФАтФАтФАтФАтФАтФАтФА

  2) [chromium] тА║ tests\booking.spec.ts:66:3 тА║ ╨Ч╨░╨┐╨╕╤Б╤М ╨▓ ╤Б╨░╨╗╨╛╨╜ тА║ 2. ╨Т╤Л╨▒╨╛╤А ╤Г╤Б╨╗╤Г╨│╨╕ тФАтФАтФАтФАтФАтФАтФАтФАтФАтФАтФАтФАтФАтФАтФАтФАтФАтФАтФАтФА

    Error: page.goto: net::ERR_CONNECTION_REFUSED at http://localhost:3000/
    Call log:
      - navigating to "http://localhost:3000/", waiting until "load"


       8 |
       9 | async function startBooking(page) {
    > 10 |   await page.goto('/');
         |              ^
      11 |   await page.getByRole('button', { name: /╨Ч╨░╨┐╨╕╤Б╨░╤В╤М╤Б╤П/ }).click();
      12 |   await expect(page.getByText('╨Т╤Л╨▒╨╡╤А╨╕╤В╨╡ ╤Г╤Б╨╗╤Г╨│╤Г')).toBeVisible();
      13 | }
        at startBooking (C:\Users\╨Ь╨╕╤А╨░\telegram\tests\booking.spec.ts:10:14)
        at C:\Users\╨Ь╨╕╤А╨░\telegram\tests\booking.spec.ts:67:11

    attachment #1: screenshot (image/png) тФАтФАтФАтФАтФАтФАтФАтФАтФАтФАтФАтФАтФАтФАтФАтФАтФАтФАтФАтФАтФАтФАтФАтФАтФАтФАтФАтФАтФАтФАтФАтФАтФАтФАтФАтФАтФАтФАтФАтФАтФАтФАтФАтФАтФАтФАтФАтФАтФАтФАтФАтФАтФАтФАтФАтФАтФАтФА
    test-results\booking-╨Ч╨░╨┐╨╕╤Б╤М-╨▓-╤Б╨░╨╗╨╛╨╜-2-╨Т╤Л╨▒╨╛╤А-╤Г╤Б╨╗╤Г╨│╨╕-chromium\test-failed-1.png
    тФАтФАтФАтФАтФАтФАтФАтФАтФАтФАтФАтФАтФАтФАтФАтФАтФАтФАтФАтФАтФАтФАтФАтФАтФАтФАтФАтФАтФАтФАтФАтФАтФАтФАтФАтФАтФАтФАтФАтФАтФАтФАтФАтФАтФАтФАтФАтФАтФАтФАтФАтФАтФАтФАтФАтФАтФАтФАтФАтФАтФАтФАтФАтФАтФАтФАтФАтФАтФАтФАтФАтФАтФАтФАтФАтФАтФАтФАтФАтФАтФАтФАтФАтФАтФАтФАтФАтФАтФАтФАтФАтФАтФАтФАтФАтФА

    Error Context: test-results\booking-╨Ч╨░╨┐╨╕╤Б╤М-╨▓-╤Б╨░╨╗╨╛╨╜-2-╨Т╤Л╨▒╨╛╤А-╤Г╤Б╨╗╤Г╨│╨╕-chromium\error-context.md

    attachment #3: trace (application/zip) тФАтФАтФАтФАтФАтФАтФАтФАтФАтФАтФАтФАтФАтФАтФАтФАтФАтФАтФАтФАтФАтФАтФАтФАтФАтФАтФАтФАтФАтФАтФАтФАтФАтФАтФАтФАтФАтФАтФАтФАтФАтФАтФАтФАтФАтФАтФАтФАтФАтФАтФАтФАтФАтФАтФАтФАтФА
    test-results\booking-╨Ч╨░╨┐╨╕╤Б╤М-╨▓-╤Б╨░╨╗╨╛╨╜-2-╨Т╤Л╨▒╨╛╤А-╤Г╤Б╨╗╤Г╨│╨╕-chromium\trace.zip
    Usage:

        npx playwright show-trace test-results\booking-╨Ч╨░╨┐╨╕╤Б╤М-╨▓-╤Б╨░╨╗╨╛╨╜-2-╨Т╤Л╨▒╨╛╤А-╤Г╤Б╨╗╤Г╨│╨╕-chromium\trace.zip

    тФАтФАтФАтФАтФАтФАтФАтФАтФАтФАтФАтФАтФАтФАтФАтФАтФАтФАтФАтФАтФАтФАтФАтФАтФАтФАтФАтФАтФАтФАтФАтФАтФАтФАтФАтФАтФАтФАтФАтФАтФАтФАтФАтФАтФАтФАтФАтФАтФАтФАтФАтФАтФАтФАтФАтФАтФАтФАтФАтФАтФАтФАтФАтФАтФАтФАтФАтФАтФАтФАтФАтФАтФАтФАтФАтФАтФАтФАтФАтФАтФАтФАтФАтФАтФАтФАтФАтФАтФАтФАтФАтФАтФАтФАтФАтФА

  3) [chromium] тА║ tests\booking.spec.ts:71:3 тА║ ╨Ч╨░╨┐╨╕╤Б╤М ╨▓ ╤Б╨░╨╗╨╛╨╜ тА║ 3. ╨Т╤Л╨▒╨╛╤А ╨╝╨░╤Б╤В╨╡╤А╨░ тФАтФАтФАтФАтФАтФАтФАтФАтФАтФАтФАтФАтФАтФАтФАтФАтФАтФАтФА

    Error: page.goto: net::ERR_CONNECTION_REFUSED at http://localhost:3000/
    Call log:
      - navigating to "http://localhost:3000/", waiting until "load"


       8 |
       9 | async function startBooking(page) {
    > 10 |   await page.goto('/');
         |              ^
      11 |   await page.getByRole('button', { name: /╨Ч╨░╨┐╨╕╤Б╨░╤В╤М╤Б╤П/ }).click();
      12 |   await expect(page.getByText('╨Т╤Л╨▒╨╡╤А╨╕╤В╨╡ ╤Г╤Б╨╗╤Г╨│╤Г')).toBeVisible();
      13 | }
        at startBooking (C:\Users\╨Ь╨╕╤А╨░\telegram\tests\booking.spec.ts:10:14)
        at chooseService (C:\Users\╨Ь╨╕╤А╨░\telegram\tests\booking.spec.ts:16:9)
        at C:\Users\╨Ь╨╕╤А╨░\telegram\tests\booking.spec.ts:72:11

    attachment #1: screenshot (image/png) тФАтФАтФАтФАтФАтФАтФАтФАтФАтФАтФАтФАтФАтФАтФАтФАтФАтФАтФАтФАтФАтФАтФАтФАтФАтФАтФАтФАтФАтФАтФАтФАтФАтФАтФАтФАтФАтФАтФАтФАтФАтФАтФАтФАтФАтФАтФАтФАтФАтФАтФАтФАтФАтФАтФАтФАтФАтФА
    test-results\booking-╨Ч╨░╨┐╨╕╤Б╤М-╨▓-╤Б╨░╨╗╨╛╨╜-3-╨Т╤Л╨▒╨╛╤А-╨╝╨░╤Б╤В╨╡╤А╨░-chromium\test-failed-1.png
    тФАтФАтФАтФАтФАтФАтФАтФАтФАтФАтФАтФАтФАтФАтФАтФАтФАтФАтФАтФАтФАтФАтФАтФАтФАтФАтФАтФАтФАтФАтФАтФАтФАтФАтФАтФАтФАтФАтФАтФАтФАтФАтФАтФАтФАтФАтФАтФАтФАтФАтФАтФАтФАтФАтФАтФАтФАтФАтФАтФАтФАтФАтФАтФАтФАтФАтФАтФАтФАтФАтФАтФАтФАтФАтФАтФАтФАтФАтФАтФАтФАтФАтФАтФАтФАтФАтФАтФАтФАтФАтФАтФАтФАтФАтФАтФА

    Error Context: test-results\booking-╨Ч╨░╨┐╨╕╤Б╤М-╨▓-╤Б╨░╨╗╨╛╨╜-3-╨Т╤Л╨▒╨╛╤А-╨╝╨░╤Б╤В╨╡╤А╨░-chromium\error-context.md

    attachment #3: trace (application/zip) тФАтФАтФАтФАтФАтФАтФАтФАтФАтФАтФАтФАтФАтФАтФАтФАтФАтФАтФАтФАтФАтФАтФАтФАтФАтФАтФАтФАтФАтФАтФАтФАтФАтФАтФАтФАтФАтФАтФАтФАтФАтФАтФАтФАтФАтФАтФАтФАтФАтФАтФАтФАтФАтФАтФАтФАтФА
    test-results\booking-╨Ч╨░╨┐╨╕╤Б╤М-╨▓-╤Б╨░╨╗╨╛╨╜-3-╨Т╤Л╨▒╨╛╤А-╨╝╨░╤Б╤В╨╡╤А╨░-chromium\trace.zip
    Usage:

        npx playwright show-trace test-results\booking-╨Ч╨░╨┐╨╕╤Б╤М-╨▓-╤Б╨░╨╗╨╛╨╜-3-╨Т╤Л╨▒╨╛╤А-╨╝╨░╤Б╤В╨╡╤А╨░-chromium\trace.zip

    тФАтФАтФАтФАтФАтФАтФАтФАтФАтФАтФАтФАтФАтФАтФАтФАтФАтФАтФАтФАтФАтФАтФАтФАтФАтФАтФАтФАтФАтФАтФАтФАтФАтФАтФАтФАтФАтФАтФАтФАтФАтФАтФАтФАтФАтФАтФАтФАтФАтФАтФАтФАтФАтФАтФАтФАтФАтФАтФАтФАтФАтФАтФАтФАтФАтФАтФАтФАтФАтФАтФАтФАтФАтФАтФАтФАтФАтФАтФАтФАтФАтФАтФАтФАтФАтФАтФАтФАтФАтФАтФАтФАтФАтФАтФАтФА

  4) [chromium] тА║ tests\booking.spec.ts:75:3 тА║ ╨Ч╨░╨┐╨╕╤Б╤М ╨▓ ╤Б╨░╨╗╨╛╨╜ тА║ 4. ╨Т╤Л╨▒╨╛╤А ╨┤╨░╤В╤Л тФАтФАтФАтФАтФАтФАтФАтФАтФАтФАтФАтФАтФАтФАтФАтФАтФАтФАтФАтФАтФАтФА

    Error: page.goto: net::ERR_CONNECTION_REFUSED at http://localhost:3000/
    Call log:
      - navigating to "http://localhost:3000/", waiting until "load"


       8 |
       9 | async function startBooking(page) {
    > 10 |   await page.goto('/');
         |              ^
      11 |   await page.getByRole('button', { name: /╨Ч╨░╨┐╨╕╤Б╨░╤В╤М╤Б╤П/ }).click();
      12 |   await expect(page.getByText('╨Т╤Л╨▒╨╡╤А╨╕╤В╨╡ ╤Г╤Б╨╗╤Г╨│╤Г')).toBeVisible();
      13 | }
        at startBooking (C:\Users\╨Ь╨╕╤А╨░\telegram\tests\booking.spec.ts:10:14)
        at chooseService (C:\Users\╨Ь╨╕╤А╨░\telegram\tests\booking.spec.ts:16:9)
        at chooseMaster (C:\Users\╨Ь╨╕╤А╨░\telegram\tests\booking.spec.ts:22:9)
        at C:\Users\╨Ь╨╕╤А╨░\telegram\tests\booking.spec.ts:76:11

    attachment #1: screenshot (image/png) тФАтФАтФАтФАтФАтФАтФАтФАтФАтФАтФАтФАтФАтФАтФАтФАтФАтФАтФАтФАтФАтФАтФАтФАтФАтФАтФАтФАтФАтФАтФАтФАтФАтФАтФАтФАтФАтФАтФАтФАтФАтФАтФАтФАтФАтФАтФАтФАтФАтФАтФАтФАтФАтФАтФАтФАтФАтФА
    test-results\booking-╨Ч╨░╨┐╨╕╤Б╤М-╨▓-╤Б╨░╨╗╨╛╨╜-4-╨Т╤Л╨▒╨╛╤А-╨┤╨░╤В╤Л-chromium\test-failed-1.png
    тФАтФАтФАтФАтФАтФАтФАтФАтФАтФАтФАтФАтФАтФАтФАтФАтФАтФАтФАтФАтФАтФАтФАтФАтФАтФАтФАтФАтФАтФАтФАтФАтФАтФАтФАтФАтФАтФАтФАтФАтФАтФАтФАтФАтФАтФАтФАтФАтФАтФАтФАтФАтФАтФАтФАтФАтФАтФАтФАтФАтФАтФАтФАтФАтФАтФАтФАтФАтФАтФАтФАтФАтФАтФАтФАтФАтФАтФАтФАтФАтФАтФАтФАтФАтФАтФАтФАтФАтФАтФАтФАтФАтФАтФАтФАтФА

    Error Context: test-results\booking-╨Ч╨░╨┐╨╕╤Б╤М-╨▓-╤Б╨░╨╗╨╛╨╜-4-╨Т╤Л╨▒╨╛╤А-╨┤╨░╤В╤Л-chromium\error-context.md

    attachment #3: trace (application/zip) тФАтФАтФАтФАтФАтФАтФАтФАтФАтФАтФАтФАтФАтФАтФАтФАтФАтФАтФАтФАтФАтФАтФАтФАтФАтФАтФАтФАтФАтФАтФАтФАтФАтФАтФАтФАтФАтФАтФАтФАтФАтФАтФАтФАтФАтФАтФАтФАтФАтФАтФАтФАтФАтФАтФАтФАтФА
    test-results\booking-╨Ч╨░╨┐╨╕╤Б╤М-╨▓-╤Б╨░╨╗╨╛╨╜-4-╨Т╤Л╨▒╨╛╤А-╨┤╨░╤В╤Л-chromium\trace.zip
    Usage:

        npx playwright show-trace test-results\booking-╨Ч╨░╨┐╨╕╤Б╤М-╨▓-╤Б╨░╨╗╨╛╨╜-4-╨Т╤Л╨▒╨╛╤А-╨┤╨░╤В╤Л-chromium\trace.zip

    тФАтФАтФАтФАтФАтФАтФАтФАтФАтФАтФАтФАтФАтФАтФАтФАтФАтФАтФАтФАтФАтФАтФАтФАтФАтФАтФАтФАтФАтФАтФАтФАтФАтФАтФАтФАтФАтФАтФАтФАтФАтФАтФАтФАтФАтФАтФАтФАтФАтФАтФАтФАтФАтФАтФАтФАтФАтФАтФАтФАтФАтФАтФАтФАтФАтФАтФАтФАтФАтФАтФАтФАтФАтФАтФАтФАтФАтФАтФАтФАтФАтФАтФАтФАтФАтФАтФАтФАтФАтФАтФАтФАтФАтФАтФАтФА

  5) [chromium] тА║ tests\booking.spec.ts:79:3 тА║ ╨Ч╨░╨┐╨╕╤Б╤М ╨▓ ╤Б╨░╨╗╨╛╨╜ тА║ 5. ╨Т╤Л╨▒╨╛╤А ╨▓╤А╨╡╨╝╨╡╨╜╨╕ тФАтФАтФАтФАтФАтФАтФАтФАтФАтФАтФАтФАтФАтФАтФАтФАтФАтФАтФА

    Error: page.goto: net::ERR_CONNECTION_REFUSED at http://localhost:3000/
    Call log:
      - navigating to "http://localhost:3000/", waiting until "load"


       8 |
       9 | async function startBooking(page) {
    > 10 |   await page.goto('/');
         |              ^
      11 |   await page.getByRole('button', { name: /╨Ч╨░╨┐╨╕╤Б╨░╤В╤М╤Б╤П/ }).click();
      12 |   await expect(page.getByText('╨Т╤Л╨▒╨╡╤А╨╕╤В╨╡ ╤Г╤Б╨╗╤Г╨│╤Г')).toBeVisible();
      13 | }
        at startBooking (C:\Users\╨Ь╨╕╤А╨░\telegram\tests\booking.spec.ts:10:14)
        at chooseService (C:\Users\╨Ь╨╕╤А╨░\telegram\tests\booking.spec.ts:16:9)
        at chooseMaster (C:\Users\╨Ь╨╕╤А╨░\telegram\tests\booking.spec.ts:22:9)
        at C:\Users\╨Ь╨╕╤А╨░\telegram\tests\booking.spec.ts:80:11

    attachment #1: screenshot (image/png) тФАтФАтФАтФАтФАтФАтФАтФАтФАтФАтФАтФАтФАтФАтФАтФАтФАтФАтФАтФАтФАтФАтФАтФАтФАтФАтФАтФАтФАтФАтФАтФАтФАтФАтФАтФАтФАтФАтФАтФАтФАтФАтФАтФАтФАтФАтФАтФАтФАтФАтФАтФАтФАтФАтФАтФАтФАтФА
    test-results\booking-╨Ч╨░╨┐╨╕╤Б╤М-╨▓-╤Б╨░╨╗╨╛╨╜-5-╨Т╤Л╨▒╨╛╤А-╨▓╤А╨╡╨╝╨╡╨╜╨╕-chromium\test-failed-1.png
    тФАтФАтФАтФАтФАтФАтФАтФАтФАтФАтФАтФАтФАтФАтФАтФАтФАтФАтФАтФАтФАтФАтФАтФАтФАтФАтФАтФАтФАтФАтФАтФАтФАтФАтФАтФАтФАтФАтФАтФАтФАтФАтФАтФАтФАтФАтФАтФАтФАтФАтФАтФАтФАтФАтФАтФАтФАтФАтФАтФАтФАтФАтФАтФАтФАтФАтФАтФАтФАтФАтФАтФАтФАтФАтФАтФАтФАтФАтФАтФАтФАтФАтФАтФАтФАтФАтФАтФАтФАтФАтФАтФАтФАтФАтФАтФА

    Error Context: test-results\booking-╨Ч╨░╨┐╨╕╤Б╤М-╨▓-╤Б╨░╨╗╨╛╨╜-5-╨Т╤Л╨▒╨╛╤А-╨▓╤А╨╡╨╝╨╡╨╜╨╕-chromium\error-context.md

    attachment #3: trace (application/zip) тФАтФАтФАтФАтФАтФАтФАтФАтФАтФАтФАтФАтФАтФАтФАтФАтФАтФАтФАтФАтФАтФАтФАтФАтФАтФАтФАтФАтФАтФАтФАтФАтФАтФАтФАтФАтФАтФАтФАтФАтФАтФАтФАтФАтФАтФАтФАтФАтФАтФАтФАтФАтФАтФАтФАтФАтФА
    test-results\booking-╨Ч╨░╨┐╨╕╤Б╤М-╨▓-╤Б╨░╨╗╨╛╨╜-5-╨Т╤Л╨▒╨╛╤А-╨▓╤А╨╡╨╝╨╡╨╜╨╕-chromium\trace.zip
    Usage:

        npx playwright show-trace test-results\booking-╨Ч╨░╨┐╨╕╤Б╤М-╨▓-╤Б╨░╨╗╨╛╨╜-5-╨Т╤Л╨▒╨╛╤А-╨▓╤А╨╡╨╝╨╡╨╜╨╕-chromium\trace.zip

    тФАтФАтФАтФАтФАтФАтФАтФАтФАтФАтФАтФАтФАтФАтФАтФАтФАтФАтФАтФАтФАтФАтФАтФАтФАтФАтФАтФАтФАтФАтФАтФАтФАтФАтФАтФАтФАтФАтФАтФАтФАтФАтФАтФАтФАтФАтФАтФАтФАтФАтФАтФАтФАтФАтФАтФАтФАтФАтФАтФАтФАтФАтФАтФАтФАтФАтФАтФАтФАтФАтФАтФАтФАтФАтФАтФАтФАтФАтФАтФАтФАтФАтФАтФАтФАтФАтФАтФАтФАтФАтФАтФАтФАтФАтФАтФА

  6) [chromium] тА║ tests\booking.spec.ts:84:3 тА║ ╨Ч╨░╨┐╨╕╤Б╤М ╨▓ ╤Б╨░╨╗╨╛╨╜ тА║ 6. ╨Т╨▓╨╛╨┤ ╨╕╨╝╨╡╨╜╨╕ тФАтФАтФАтФАтФАтФАтФАтФАтФАтФАтФАтФАтФАтФАтФАтФАтФАтФАтФАтФАтФАтФА

    Error: page.goto: net::ERR_CONNECTION_REFUSED at http://localhost:3000/
    Call log:
      - navigating to "http://localhost:3000/", waiting until "load"


       8 |
       9 | async function startBooking(page) {
    > 10 |   await page.goto('/');
         |              ^
      11 |   await page.getByRole('button', { name: /╨Ч╨░╨┐╨╕╤Б╨░╤В╤М╤Б╤П/ }).click();
      12 |   await expect(page.getByText('╨Т╤Л╨▒╨╡╤А╨╕╤В╨╡ ╤Г╤Б╨╗╤Г╨│╤Г')).toBeVisible();
      13 | }
        at startBooking (C:\Users\╨Ь╨╕╤А╨░\telegram\tests\booking.spec.ts:10:14)
        at chooseService (C:\Users\╨Ь╨╕╤А╨░\telegram\tests\booking.spec.ts:16:9)
        at chooseMaster (C:\Users\╨Ь╨╕╤А╨░\telegram\tests\booking.spec.ts:22:9)
        at C:\Users\╨Ь╨╕╤А╨░\telegram\tests\booking.spec.ts:85:11

    attachment #1: screenshot (image/png) тФАтФАтФАтФАтФАтФАтФАтФАтФАтФАтФАтФАтФАтФАтФАтФАтФАтФАтФАтФАтФАтФАтФАтФАтФАтФАтФАтФАтФАтФАтФАтФАтФАтФАтФАтФАтФАтФАтФАтФАтФАтФАтФАтФАтФАтФАтФАтФАтФАтФАтФАтФАтФАтФАтФАтФАтФАтФА
    test-results\booking-╨Ч╨░╨┐╨╕╤Б╤М-╨▓-╤Б╨░╨╗╨╛╨╜-6-╨Т╨▓╨╛╨┤-╨╕╨╝╨╡╨╜╨╕-chromium\test-failed-1.png
    тФАтФАтФАтФАтФАтФАтФАтФАтФАтФАтФАтФАтФАтФАтФАтФАтФАтФАтФАтФАтФАтФАтФАтФАтФАтФАтФАтФАтФАтФАтФАтФАтФАтФАтФАтФАтФАтФАтФАтФАтФАтФАтФАтФАтФАтФАтФАтФАтФАтФАтФАтФАтФАтФАтФАтФАтФАтФАтФАтФАтФАтФАтФАтФАтФАтФАтФАтФАтФАтФАтФАтФАтФАтФАтФАтФАтФАтФАтФАтФАтФАтФАтФАтФАтФАтФАтФАтФАтФАтФАтФАтФАтФАтФАтФАтФА

    Error Context: test-results\booking-╨Ч╨░╨┐╨╕╤Б╤М-╨▓-╤Б╨░╨╗╨╛╨╜-6-╨Т╨▓╨╛╨┤-╨╕╨╝╨╡╨╜╨╕-chromium\error-context.md

    attachment #3: trace (application/zip) тФАтФАтФАтФАтФАтФАтФАтФАтФАтФАтФАтФАтФАтФАтФАтФАтФАтФАтФАтФАтФАтФАтФАтФАтФАтФАтФАтФАтФАтФАтФАтФАтФАтФАтФАтФАтФАтФАтФАтФАтФАтФАтФАтФАтФАтФАтФАтФАтФАтФАтФАтФАтФАтФАтФАтФАтФА
    test-results\booking-╨Ч╨░╨┐╨╕╤Б╤М-╨▓-╤Б╨░╨╗╨╛╨╜-6-╨Т╨▓╨╛╨┤-╨╕╨╝╨╡╨╜╨╕-chromium\trace.zip
    Usage:

        npx playwright show-trace test-results\booking-╨Ч╨░╨┐╨╕╤Б╤М-╨▓-╤Б╨░╨╗╨╛╨╜-6-╨Т╨▓╨╛╨┤-╨╕╨╝╨╡╨╜╨╕-chromium\trace.zip

    тФАтФАтФАтФАтФАтФАтФАтФАтФАтФАтФАтФАтФАтФАтФАтФАтФАтФАтФАтФАтФАтФАтФАтФАтФАтФАтФАтФАтФАтФАтФАтФАтФАтФАтФАтФАтФАтФАтФАтФАтФАтФАтФАтФАтФАтФАтФАтФАтФАтФАтФАтФАтФАтФАтФАтФАтФАтФАтФАтФАтФАтФАтФАтФАтФАтФАтФАтФАтФАтФАтФАтФАтФАтФАтФАтФАтФАтФАтФАтФАтФАтФАтФАтФАтФАтФАтФАтФАтФАтФАтФАтФАтФАтФАтФАтФА

  7) [chromium] тА║ tests\booking.spec.ts:90:3 тА║ ╨Ч╨░╨┐╨╕╤Б╤М ╨▓ ╤Б╨░╨╗╨╛╨╜ тА║ 7. ╨Т╨▓╨╛╨┤ ╤В╨╡╨╗╨╡╤Д╨╛╨╜╨░ тФАтФАтФАтФАтФАтФАтФАтФАтФАтФАтФАтФАтФАтФАтФАтФАтФАтФАтФА

    Error: page.goto: net::ERR_CONNECTION_REFUSED at http://localhost:3000/
    Call log:
      - navigating to "http://localhost:3000/", waiting until "load"


       8 |
       9 | async function startBooking(page) {
    > 10 |   await page.goto('/');
         |              ^
      11 |   await page.getByRole('button', { name: /╨Ч╨░╨┐╨╕╤Б╨░╤В╤М╤Б╤П/ }).click();
      12 |   await expect(page.getByText('╨Т╤Л╨▒╨╡╤А╨╕╤В╨╡ ╤Г╤Б╨╗╤Г╨│╤Г')).toBeVisible();
      13 | }
        at startBooking (C:\Users\╨Ь╨╕╤А╨░\telegram\tests\booking.spec.ts:10:14)
        at chooseService (C:\Users\╨Ь╨╕╤А╨░\telegram\tests\booking.spec.ts:16:9)
        at chooseMaster (C:\Users\╨Ь╨╕╤А╨░\telegram\tests\booking.spec.ts:22:9)
        at C:\Users\╨Ь╨╕╤А╨░\telegram\tests\booking.spec.ts:91:11

    attachment #1: screenshot (image/png) тФАтФАтФАтФАтФАтФАтФАтФАтФАтФАтФАтФАтФАтФАтФАтФАтФАтФАтФАтФАтФАтФАтФАтФАтФАтФАтФАтФАтФАтФАтФАтФАтФАтФАтФАтФАтФАтФАтФАтФАтФАтФАтФАтФАтФАтФАтФАтФАтФАтФАтФАтФАтФАтФАтФАтФАтФАтФА
    test-results\booking-╨Ч╨░╨┐╨╕╤Б╤М-╨▓-╤Б╨░╨╗╨╛╨╜-7-╨Т╨▓╨╛╨┤-╤В╨╡╨╗╨╡╤Д╨╛╨╜╨░-chromium\test-failed-1.png
    тФАтФАтФАтФАтФАтФАтФАтФАтФАтФАтФАтФАтФАтФАтФАтФАтФАтФАтФАтФАтФАтФАтФАтФАтФАтФАтФАтФАтФАтФАтФАтФАтФАтФАтФАтФАтФАтФАтФАтФАтФАтФАтФАтФАтФАтФАтФАтФАтФАтФАтФАтФАтФАтФАтФАтФАтФАтФАтФАтФАтФАтФАтФАтФАтФАтФАтФАтФАтФАтФАтФАтФАтФАтФАтФАтФАтФАтФАтФАтФАтФАтФАтФАтФАтФАтФАтФАтФАтФАтФАтФАтФАтФАтФАтФАтФА

    Error Context: test-results\booking-╨Ч╨░╨┐╨╕╤Б╤М-╨▓-╤Б╨░╨╗╨╛╨╜-7-╨Т╨▓╨╛╨┤-╤В╨╡╨╗╨╡╤Д╨╛╨╜╨░-chromium\error-context.md

    attachment #3: trace (application/zip) тФАтФАтФАтФАтФАтФАтФАтФАтФАтФАтФАтФАтФАтФАтФАтФАтФАтФАтФАтФАтФАтФАтФАтФАтФАтФАтФАтФАтФАтФАтФАтФАтФАтФАтФАтФАтФАтФАтФАтФАтФАтФАтФАтФАтФАтФАтФАтФАтФАтФАтФАтФАтФАтФАтФАтФАтФА
    test-results\booking-╨Ч╨░╨┐╨╕╤Б╤М-╨▓-╤Б╨░╨╗╨╛╨╜-7-╨Т╨▓╨╛╨┤-╤В╨╡╨╗╨╡╤Д╨╛╨╜╨░-chromium\trace.zip
    Usage:

        npx playwright show-trace test-results\booking-╨Ч╨░╨┐╨╕╤Б╤М-╨▓-╤Б╨░╨╗╨╛╨╜-7-╨Т╨▓╨╛╨┤-╤В╨╡╨╗╨╡╤Д╨╛╨╜╨░-chromium\trace.zip

    тФАтФАтФАтФАтФАтФАтФАтФАтФАтФАтФАтФАтФАтФАтФАтФАтФАтФАтФАтФАтФАтФАтФАтФАтФАтФАтФАтФАтФАтФАтФАтФАтФАтФАтФАтФАтФАтФАтФАтФАтФАтФАтФАтФАтФАтФАтФАтФАтФАтФАтФАтФАтФАтФАтФАтФАтФАтФАтФАтФАтФАтФАтФАтФАтФАтФАтФАтФАтФАтФАтФАтФАтФАтФАтФАтФАтФАтФАтФАтФАтФАтФАтФАтФАтФАтФАтФАтФАтФАтФАтФАтФАтФАтФАтФАтФА

  8) [chromium] тА║ tests\booking.spec.ts:97:3 тА║ ╨Ч╨░╨┐╨╕╤Б╤М ╨▓ ╤Б╨░╨╗╨╛╨╜ тА║ 8. ╨Я╨╛╨┤╤В╨▓╨╡╤А╨╢╨┤╨╡╨╜╨╕╨╡ ╨╖╨░╨┐╨╕╤Б╨╕ тФАтФАтФАтФАтФАтФАтФАтФАтФАтФАтФАтФА

    Error: page.goto: net::ERR_CONNECTION_REFUSED at http://localhost:3000/
    Call log:
      - navigating to "http://localhost:3000/", waiting until "load"


       8 |
       9 | async function startBooking(page) {
    > 10 |   await page.goto('/');
         |              ^
      11 |   await page.getByRole('button', { name: /╨Ч╨░╨┐╨╕╤Б╨░╤В╤М╤Б╤П/ }).click();
      12 |   await expect(page.getByText('╨Т╤Л╨▒╨╡╤А╨╕╤В╨╡ ╤Г╤Б╨╗╤Г╨│╤Г')).toBeVisible();
      13 | }
        at startBooking (C:\Users\╨Ь╨╕╤А╨░\telegram\tests\booking.spec.ts:10:14)
        at chooseService (C:\Users\╨Ь╨╕╤А╨░\telegram\tests\booking.spec.ts:16:9)
        at chooseMaster (C:\Users\╨Ь╨╕╤А╨░\telegram\tests\booking.spec.ts:22:9)
        at C:\Users\╨Ь╨╕╤А╨░\telegram\tests\booking.spec.ts:98:11

    attachment #1: screenshot (image/png) тФАтФАтФАтФАтФАтФАтФАтФАтФАтФАтФАтФАтФАтФАтФАтФАтФАтФАтФАтФАтФАтФАтФАтФАтФАтФАтФАтФАтФАтФАтФАтФАтФАтФАтФАтФАтФАтФАтФАтФАтФАтФАтФАтФАтФАтФАтФАтФАтФАтФАтФАтФАтФАтФАтФАтФАтФАтФА
    test-results\booking-╨Ч╨░╨┐╨╕╤Б╤М-╨▓-╤Б╨░╨╗╨╛╨╜-8-╨Я╨╛╨┤╤В╨▓╨╡╤А╨╢╨┤╨╡╨╜╨╕╨╡-╨╖╨░╨┐╨╕╤Б╨╕-chromium\test-failed-1.png
    тФАтФАтФАтФАтФАтФАтФАтФАтФАтФАтФАтФАтФАтФАтФАтФАтФАтФАтФАтФАтФАтФАтФАтФАтФАтФАтФАтФАтФАтФАтФАтФАтФАтФАтФАтФАтФАтФАтФАтФАтФАтФАтФАтФАтФАтФАтФАтФАтФАтФАтФАтФАтФАтФАтФАтФАтФАтФАтФАтФАтФАтФАтФАтФАтФАтФАтФАтФАтФАтФАтФАтФАтФАтФАтФАтФАтФАтФАтФАтФАтФАтФАтФАтФАтФАтФАтФАтФАтФАтФАтФАтФАтФАтФАтФАтФА

    Error Context: test-results\booking-╨Ч╨░╨┐╨╕╤Б╤М-╨▓-╤Б╨░╨╗╨╛╨╜-8-╨Я╨╛╨┤╤В╨▓╨╡╤А╨╢╨┤╨╡╨╜╨╕╨╡-╨╖╨░╨┐╨╕╤Б╨╕-chromium\error-context.md

    attachment #3: trace (application/zip) тФАтФАтФАтФАтФАтФАтФАтФАтФАтФАтФАтФАтФАтФАтФАтФАтФАтФАтФАтФАтФАтФАтФАтФАтФАтФАтФАтФАтФАтФАтФАтФАтФАтФАтФАтФАтФАтФАтФАтФАтФАтФАтФАтФАтФАтФАтФАтФАтФАтФАтФАтФАтФАтФАтФАтФАтФА
    test-results\booking-╨Ч╨░╨┐╨╕╤Б╤М-╨▓-╤Б╨░╨╗╨╛╨╜-8-╨Я╨╛╨┤╤В╨▓╨╡╤А╨╢╨┤╨╡╨╜╨╕╨╡-╨╖╨░╨┐╨╕╤Б╨╕-chromium\trace.zip
    Usage:

        npx playwright show-trace test-results\booking-╨Ч╨░╨┐╨╕╤Б╤М-╨▓-╤Б╨░╨╗╨╛╨╜-8-╨Я╨╛╨┤╤В╨▓╨╡╤А╨╢╨┤╨╡╨╜╨╕╨╡-╨╖╨░╨┐╨╕╤Б╨╕-chromium\trace.zip

    тФАтФАтФАтФАтФАтФАтФАтФАтФАтФАтФАтФАтФАтФАтФАтФАтФАтФАтФАтФАтФАтФАтФАтФАтФАтФАтФАтФАтФАтФАтФАтФАтФАтФАтФАтФАтФАтФАтФАтФАтФАтФАтФАтФАтФАтФАтФАтФАтФАтФАтФАтФАтФАтФАтФАтФАтФАтФАтФАтФАтФАтФАтФАтФАтФАтФАтФАтФАтФАтФАтФАтФАтФАтФАтФАтФАтФАтФАтФАтФАтФАтФАтФАтФАтФАтФАтФАтФАтФАтФАтФАтФАтФАтФАтФАтФА

  9) [chromium] тА║ tests\booking.spec.ts:105:3 тА║ ╨Ч╨░╨┐╨╕╤Б╤М ╨▓ ╤Б╨░╨╗╨╛╨╜ тА║ 9. ╨г╤Б╨┐╨╡╤И╨╜╨╛╨╡ ╤Б╨╛╤Е╤А╨░╨╜╨╡╨╜╨╕╨╡ ╨╖╨░╨┐╨╕╤Б╨╕ тФАтФАтФАтФАтФА

    Error: page.goto: net::ERR_CONNECTION_REFUSED at http://localhost:3000/
    Call log:
      - navigating to "http://localhost:3000/", waiting until "load"


       8 |
       9 | async function startBooking(page) {
    > 10 |   await page.goto('/');
         |              ^
      11 |   await page.getByRole('button', { name: /╨Ч╨░╨┐╨╕╤Б╨░╤В╤М╤Б╤П/ }).click();
      12 |   await expect(page.getByText('╨Т╤Л╨▒╨╡╤А╨╕╤В╨╡ ╤Г╤Б╨╗╤Г╨│╤Г')).toBeVisible();
      13 | }
        at startBooking (C:\Users\╨Ь╨╕╤А╨░\telegram\tests\booking.spec.ts:10:14)
        at chooseService (C:\Users\╨Ь╨╕╤А╨░\telegram\tests\booking.spec.ts:16:9)
        at chooseMaster (C:\Users\╨Ь╨╕╤А╨░\telegram\tests\booking.spec.ts:22:9)
        at createAppointment (C:\Users\╨Ь╨╕╤А╨░\telegram\tests\booking.spec.ts:52:9)
        at C:\Users\╨Ь╨╕╤А╨░\telegram\tests\booking.spec.ts:106:11

    attachment #1: screenshot (image/png) тФАтФАтФАтФАтФАтФАтФАтФАтФАтФАтФАтФАтФАтФАтФАтФАтФАтФАтФАтФАтФАтФАтФАтФАтФАтФАтФАтФАтФАтФАтФАтФАтФАтФАтФАтФАтФАтФАтФАтФАтФАтФАтФАтФАтФАтФАтФАтФАтФАтФАтФАтФАтФАтФАтФАтФАтФАтФА
    test-results\booking-╨Ч╨░╨┐╨╕╤Б╤М-╨▓-╤Б╨░╨╗╨╛╨╜-9-╨г╤Б╨┐╨╡╤И╨╜╨╛╨╡-╤Б╨╛╤Е╤А╨░╨╜╨╡╨╜╨╕╨╡-╨╖╨░╨┐╨╕╤Б╨╕-chromium\test-failed-1.png
    тФАтФАтФАтФАтФАтФАтФАтФАтФАтФАтФАтФАтФАтФАтФАтФАтФАтФАтФАтФАтФАтФАтФАтФАтФАтФАтФАтФАтФАтФАтФАтФАтФАтФАтФАтФАтФАтФАтФАтФАтФАтФАтФАтФАтФАтФАтФАтФАтФАтФАтФАтФАтФАтФАтФАтФАтФАтФАтФАтФАтФАтФАтФАтФАтФАтФАтФАтФАтФАтФАтФАтФАтФАтФАтФАтФАтФАтФАтФАтФАтФАтФАтФАтФАтФАтФАтФАтФАтФАтФАтФАтФАтФАтФАтФАтФА

    Error Context: test-results\booking-╨Ч╨░╨┐╨╕╤Б╤М-╨▓-╤Б╨░╨╗╨╛╨╜-9-╨г╤Б╨┐╨╡╤И╨╜╨╛╨╡-╤Б╨╛╤Е╤А╨░╨╜╨╡╨╜╨╕╨╡-╨╖╨░╨┐╨╕╤Б╨╕-chromium\error-context.md

    attachment #3: trace (application/zip) тФАтФАтФАтФАтФАтФАтФАтФАтФАтФАтФАтФАтФАтФАтФАтФАтФАтФАтФАтФАтФАтФАтФАтФАтФАтФАтФАтФАтФАтФАтФАтФАтФАтФАтФАтФАтФАтФАтФАтФАтФАтФАтФАтФАтФАтФАтФАтФАтФАтФАтФАтФАтФАтФАтФАтФАтФА
    test-results\booking-╨Ч╨░╨┐╨╕╤Б╤М-╨▓-╤Б╨░╨╗╨╛╨╜-9-╨г╤Б╨┐╨╡╤И╨╜╨╛╨╡-╤Б╨╛╤Е╤А╨░╨╜╨╡╨╜╨╕╨╡-╨╖╨░╨┐╨╕╤Б╨╕-chromium\trace.zip
    Usage:

        npx playwright show-trace test-results\booking-╨Ч╨░╨┐╨╕╤Б╤М-╨▓-╤Б╨░╨╗╨╛╨╜-9-╨г╤Б╨┐╨╡╤И╨╜╨╛╨╡-╤Б╨╛╤Е╤А╨░╨╜╨╡╨╜╨╕╨╡-╨╖╨░╨┐╨╕╤Б╨╕-chromium\trace.zip

    тФАтФАтФАтФАтФАтФАтФАтФАтФАтФАтФАтФАтФАтФАтФАтФАтФАтФАтФАтФАтФАтФАтФАтФАтФАтФАтФАтФАтФАтФАтФАтФАтФАтФАтФАтФАтФАтФАтФАтФАтФАтФАтФАтФАтФАтФАтФАтФАтФАтФАтФАтФАтФАтФАтФАтФАтФАтФАтФАтФАтФАтФАтФАтФАтФАтФАтФАтФАтФАтФАтФАтФАтФАтФАтФАтФАтФАтФАтФАтФАтФАтФАтФАтФАтФАтФАтФАтФАтФАтФАтФАтФАтФАтФАтФАтФА

  10) [chromium] тА║ tests\booking.spec.ts:110:3 тА║ ╨Ч╨░╨┐╨╕╤Б╤М ╨▓ ╤Б╨░╨╗╨╛╨╜ тА║ 10. ╨Ю╤В╨╝╨╡╨╜╨░ ╨╖╨░╨┐╨╕╤Б╨╕ тФАтФАтФАтФАтФАтФАтФАтФАтФАтФАтФАтФАтФАтФАтФАтФА

    Error: page.goto: net::ERR_CONNECTION_REFUSED at http://localhost:3000/
    Call log:
      - navigating to "http://localhost:3000/", waiting until "load"


      109 |
      110 |   test('10. ╨Ю╤В╨╝╨╡╨╜╨░ ╨╖╨░╨┐╨╕╤Б╨╕', async ({ page }) => {
    > 111 |     await page.goto('/');
          |                ^
      112 |     await page.getByRole('button', { name: /╨Ю╤В╨╝╨╡╨╜╨╕╤В╤М ╨╖╨░╨┐╨╕╤Б╤М/ }).click();
      113 |     await expect(page.getByText(/╨Т╨▓╨╡╨┤╨╕╤В╨╡ ╨▓╨░╤И ╨╜╨╛╨╝╨╡╤А ╤В╨╡╨╗╨╡╤Д╨╛╨╜╨░/)).toBeVisible();
      114 |   });
        at C:\Users\╨Ь╨╕╤А╨░\telegram\tests\booking.spec.ts:111:16

    attachment #1: screenshot (image/png) тФАтФАтФАтФАтФАтФАтФАтФАтФАтФАтФАтФАтФАтФАтФАтФАтФАтФАтФАтФАтФАтФАтФАтФАтФАтФАтФАтФАтФАтФАтФАтФАтФАтФАтФАтФАтФАтФАтФАтФАтФАтФАтФАтФАтФАтФАтФАтФАтФАтФАтФАтФАтФАтФАтФАтФАтФАтФА
    test-results\booking-╨Ч╨░╨┐╨╕╤Б╤М-╨▓-╤Б╨░╨╗╨╛╨╜-10-╨Ю╤В╨╝╨╡╨╜╨░-╨╖╨░╨┐╨╕╤Б╨╕-chromium\test-failed-1.png
    тФАтФАтФАтФАтФАтФАтФАтФАтФАтФАтФАтФАтФАтФАтФАтФАтФАтФАтФАтФАтФАтФАтФАтФАтФАтФАтФАтФАтФАтФАтФАтФАтФАтФАтФАтФАтФАтФАтФАтФАтФАтФАтФАтФАтФАтФАтФАтФАтФАтФАтФАтФАтФАтФАтФАтФАтФАтФАтФАтФАтФАтФАтФАтФАтФАтФАтФАтФАтФАтФАтФАтФАтФАтФАтФАтФАтФАтФАтФАтФАтФАтФАтФАтФАтФАтФАтФАтФАтФАтФАтФАтФАтФАтФАтФАтФА

    Error Context: test-results\booking-╨Ч╨░╨┐╨╕╤Б╤М-╨▓-╤Б╨░╨╗╨╛╨╜-10-╨Ю╤В╨╝╨╡╨╜╨░-╨╖╨░╨┐╨╕╤Б╨╕-chromium\error-context.md

    attachment #3: trace (application/zip) тФАтФАтФАтФАтФАтФАтФАтФАтФАтФАтФАтФАтФАтФАтФАтФАтФАтФАтФАтФАтФАтФАтФАтФАтФАтФАтФАтФАтФАтФАтФАтФАтФАтФАтФАтФАтФАтФАтФАтФАтФАтФАтФАтФАтФАтФАтФАтФАтФАтФАтФАтФАтФАтФАтФАтФАтФА
    test-results\booking-╨Ч╨░╨┐╨╕╤Б╤М-╨▓-╤Б╨░╨╗╨╛╨╜-10-╨Ю╤В╨╝╨╡╨╜╨░-╨╖╨░╨┐╨╕╤Б╨╕-chromium\trace.zip
    Usage:

        npx playwright show-trace test-results\booking-╨Ч╨░╨┐╨╕╤Б╤М-╨▓-╤Б╨░╨╗╨╛╨╜-10-╨Ю╤В╨╝╨╡╨╜╨░-╨╖╨░╨┐╨╕╤Б╨╕-chromium\trace.zip

    тФАтФАтФАтФАтФАтФАтФАтФАтФАтФАтФАтФАтФАтФАтФАтФАтФАтФАтФАтФАтФАтФАтФАтФАтФАтФАтФАтФАтФАтФАтФАтФАтФАтФАтФАтФАтФАтФАтФАтФАтФАтФАтФАтФАтФАтФАтФАтФАтФАтФАтФАтФАтФАтФАтФАтФАтФАтФАтФАтФАтФАтФАтФАтФАтФАтФАтФАтФАтФАтФАтФАтФАтФАтФАтФАтФАтФАтФАтФАтФАтФАтФАтФАтФАтФАтФАтФАтФАтФАтФАтФАтФАтФАтФАтФАтФА

  11) [chromium] тА║ tests\booking.spec.ts:116:3 тА║ ╨Ч╨░╨┐╨╕╤Б╤М ╨▓ ╤Б╨░╨╗╨╛╨╜ тА║ 11. ╨Э╨╡╨╗╤М╨╖╤П ╨╖╨░╨┐╨╕╤Б╨░╤В╤М ╨┤╨▓╤Г╤Е ╨║╨╗╨╕╨╡╨╜╤В╨╛╨▓ ╨║ ╨╛╨┤╨╜╨╛╨╝╤Г ╨╝╨░╤Б╤В╨╡╤А╤Г ╨▓ ╨╛╨┤╨╜╨╛ ╨╕ ╤В╨╛ ╨╢╨╡ ╨▓╤А╨╡╨╝╤П 

    Error: page.goto: net::ERR_CONNECTION_REFUSED at http://localhost:3000/
    Call log:
      - navigating to "http://localhost:3000/", waiting until "load"


       8 |
       9 | async function startBooking(page) {
    > 10 |   await page.goto('/');
         |              ^
      11 |   await page.getByRole('button', { name: /╨Ч╨░╨┐╨╕╤Б╨░╤В╤М╤Б╤П/ }).click();
      12 |   await expect(page.getByText('╨Т╤Л╨▒╨╡╤А╨╕╤В╨╡ ╤Г╤Б╨╗╤Г╨│╤Г')).toBeVisible();
      13 | }
        at startBooking (C:\Users\╨Ь╨╕╤А╨░\telegram\tests\booking.spec.ts:10:14)
        at chooseService (C:\Users\╨Ь╨╕╤А╨░\telegram\tests\booking.spec.ts:16:9)
        at chooseMaster (C:\Users\╨Ь╨╕╤А╨░\telegram\tests\booking.spec.ts:22:9)
        at createAppointment (C:\Users\╨Ь╨╕╤А╨░\telegram\tests\booking.spec.ts:52:9)
        at C:\Users\╨Ь╨╕╤А╨░\telegram\tests\booking.spec.ts:117:11

    attachment #1: screenshot (image/png) тФАтФАтФАтФАтФАтФАтФАтФАтФАтФАтФАтФАтФАтФАтФАтФАтФАтФАтФАтФАтФАтФАтФАтФАтФАтФАтФАтФАтФАтФАтФАтФАтФАтФАтФАтФАтФАтФАтФАтФАтФАтФАтФАтФАтФАтФАтФАтФАтФАтФАтФАтФАтФАтФАтФАтФАтФАтФА
    test-results\booking-╨Ч╨░╨┐╨╕╤Б╤М-╨▓-╤Б╨░╨╗╨╛╨╜-11--b4f9c-╨░╤Б╤В╨╡╤А╤Г-╨▓-╨╛╨┤╨╜╨╛-╨╕-╤В╨╛-╨╢╨╡-╨▓╤А╨╡╨╝╤П-chromium\test-failed-1.png
    тФАтФАтФАтФАтФАтФАтФАтФАтФАтФАтФАтФАтФАтФАтФАтФАтФАтФАтФАтФАтФАтФАтФАтФАтФАтФАтФАтФАтФАтФАтФАтФАтФАтФАтФАтФАтФАтФАтФАтФАтФАтФАтФАтФАтФАтФАтФАтФАтФАтФАтФАтФАтФАтФАтФАтФАтФАтФАтФАтФАтФАтФАтФАтФАтФАтФАтФАтФАтФАтФАтФАтФАтФАтФАтФАтФАтФАтФАтФАтФАтФАтФАтФАтФАтФАтФАтФАтФАтФАтФАтФАтФАтФАтФАтФАтФА

    Error Context: test-results\booking-╨Ч╨░╨┐╨╕╤Б╤М-╨▓-╤Б╨░╨╗╨╛╨╜-11--b4f9c-╨░╤Б╤В╨╡╤А╤Г-╨▓-╨╛╨┤╨╜╨╛-╨╕-╤В╨╛-╨╢╨╡-╨▓╤А╨╡╨╝╤П-chromium\error-context.md

    attachment #3: trace (application/zip) тФАтФАтФАтФАтФАтФАтФАтФАтФАтФАтФАтФАтФАтФАтФАтФАтФАтФАтФАтФАтФАтФАтФАтФАтФАтФАтФАтФАтФАтФАтФАтФАтФАтФАтФАтФАтФАтФАтФАтФАтФАтФАтФАтФАтФАтФАтФАтФАтФАтФАтФАтФАтФАтФАтФАтФАтФА
    test-results\booking-╨Ч╨░╨┐╨╕╤Б╤М-╨▓-╤Б╨░╨╗╨╛╨╜-11--b4f9c-╨░╤Б╤В╨╡╤А╤Г-╨▓-╨╛╨┤╨╜╨╛-╨╕-╤В╨╛-╨╢╨╡-╨▓╤А╨╡╨╝╤П-chromium\trace.zip
    Usage:

        npx playwright show-trace test-results\booking-╨Ч╨░╨┐╨╕╤Б╤М-╨▓-╤Б╨░╨╗╨╛╨╜-11--b4f9c-╨░╤Б╤В╨╡╤А╤Г-╨▓-╨╛╨┤╨╜╨╛-╨╕-╤В╨╛-╨╢╨╡-╨▓╤А╨╡╨╝╤П-chromium\trace.zip

    тФАтФАтФАтФАтФАтФАтФАтФАтФАтФАтФАтФАтФАтФАтФАтФАтФАтФАтФАтФАтФАтФАтФАтФАтФАтФАтФАтФАтФАтФАтФАтФАтФАтФАтФАтФАтФАтФАтФАтФАтФАтФАтФАтФАтФАтФАтФАтФАтФАтФАтФАтФАтФАтФАтФАтФАтФАтФАтФАтФАтФАтФАтФАтФАтФАтФАтФАтФАтФАтФАтФАтФАтФАтФАтФАтФАтФАтФАтФАтФАтФАтФАтФАтФАтФАтФАтФАтФАтФАтФАтФАтФАтФАтФАтФАтФА

  12) [chromium] тА║ tests\booking.spec.ts:129:3 тА║ ╨Ч╨░╨┐╨╕╤Б╤М ╨▓ ╤Б╨░╨╗╨╛╨╜ тА║ 12. ╨Э╨╡╨╗╤М╨╖╤П ╨╖╨░╨┐╨╕╤Б╨░╤В╤М ╨║╨╗╨╕╨╡╨╜╤В╨░ ╨║ ╨╝╨░╤Б╤В╨╡╤А╤Г, ╨║╨╛╤В╨╛╤А╤Л╨╣ ╨╜╨╡ ╨╛╨║╨░╨╖╤Л╨▓╨░╨╡╤В ╨▓╤Л╨▒╤А╨░╨╜╨╜╤Г╤О ╤Г╤Б╨╗╤Г╨│╤Г 

    Error: page.goto: net::ERR_CONNECTION_REFUSED at http://localhost:3000/
    Call log:
      - navigating to "http://localhost:3000/", waiting until "load"


       8 |
       9 | async function startBooking(page) {
    > 10 |   await page.goto('/');
         |              ^
      11 |   await page.getByRole('button', { name: /╨Ч╨░╨┐╨╕╤Б╨░╤В╤М╤Б╤П/ }).click();
      12 |   await expect(page.getByText('╨Т╤Л╨▒╨╡╤А╨╕╤В╨╡ ╤Г╤Б╨╗╤Г╨│╤Г')).toBeVisible();
      13 | }
        at startBooking (C:\Users\╨Ь╨╕╤А╨░\telegram\tests\booking.spec.ts:10:14)
        at C:\Users\╨Ь╨╕╤А╨░\telegram\tests\booking.spec.ts:130:11

    attachment #1: screenshot (image/png) тФАтФАтФАтФАтФАтФАтФАтФАтФАтФАтФАтФАтФАтФАтФАтФАтФАтФАтФАтФАтФАтФАтФАтФАтФАтФАтФАтФАтФАтФАтФАтФАтФАтФАтФАтФАтФАтФАтФАтФАтФАтФАтФАтФАтФАтФАтФАтФАтФАтФАтФАтФАтФАтФАтФАтФАтФАтФА
    test-results\booking-╨Ч╨░╨┐╨╕╤Б╤М-╨▓-╤Б╨░╨╗╨╛╨╜-12--ce803--╨╛╨║╨░╨╖╤Л╨▓╨░╨╡╤В-╨▓╤Л╨▒╤А╨░╨╜╨╜╤Г╤О-╤Г╤Б╨╗╤Г╨│╤Г-chromium\test-failed-1.png
    тФАтФАтФАтФАтФАтФАтФАтФАтФАтФАтФАтФАтФАтФАтФАтФАтФАтФАтФАтФАтФАтФАтФАтФАтФАтФАтФАтФАтФАтФАтФАтФАтФАтФАтФАтФАтФАтФАтФАтФАтФАтФАтФАтФАтФАтФАтФАтФАтФАтФАтФАтФАтФАтФАтФАтФАтФАтФАтФАтФАтФАтФАтФАтФАтФАтФАтФАтФАтФАтФАтФАтФАтФАтФАтФАтФАтФАтФАтФАтФАтФАтФАтФАтФАтФАтФАтФАтФАтФАтФАтФАтФАтФАтФАтФАтФА

    Error Context: test-results\booking-╨Ч╨░╨┐╨╕╤Б╤М-╨▓-╤Б╨░╨╗╨╛╨╜-12--ce803--╨╛╨║╨░╨╖╤Л╨▓╨░╨╡╤В-╨▓╤Л╨▒╤А╨░╨╜╨╜╤Г╤О-╤Г╤Б╨╗╤Г╨│╤Г-chromium\error-context.md

    attachment #3: trace (application/zip) тФАтФАтФАтФАтФАтФАтФАтФАтФАтФАтФАтФАтФАтФАтФАтФАтФАтФАтФАтФАтФАтФАтФАтФАтФАтФАтФАтФАтФАтФАтФАтФАтФАтФАтФАтФАтФАтФАтФАтФАтФАтФАтФАтФАтФАтФАтФАтФАтФАтФАтФАтФАтФАтФАтФАтФАтФА
    test-results\booking-╨Ч╨░╨┐╨╕╤Б╤М-╨▓-╤Б╨░╨╗╨╛╨╜-12--ce803--╨╛╨║╨░╨╖╤Л╨▓╨░╨╡╤В-╨▓╤Л╨▒╤А╨░╨╜╨╜╤Г╤О-╤Г╤Б╨╗╤Г╨│╤Г-chromium\trace.zip
    Usage:

        npx playwright show-trace test-results\booking-╨Ч╨░╨┐╨╕╤Б╤М-╨▓-╤Б╨░╨╗╨╛╨╜-12--ce803--╨╛╨║╨░╨╖╤Л╨▓╨░╨╡╤В-╨▓╤Л╨▒╤А╨░╨╜╨╜╤Г╤О-╤Г╤Б╨╗╤Г╨│╤Г-chromium\trace.zip

    тФАтФАтФАтФАтФАтФАтФАтФАтФАтФАтФАтФАтФАтФАтФАтФАтФАтФАтФАтФАтФАтФАтФАтФАтФАтФАтФАтФАтФАтФАтФАтФАтФАтФАтФАтФАтФАтФАтФАтФАтФАтФАтФАтФАтФАтФАтФАтФАтФАтФАтФАтФАтФАтФАтФАтФАтФАтФАтФАтФАтФАтФАтФАтФАтФАтФАтФАтФАтФАтФАтФАтФАтФАтФАтФАтФАтФАтФАтФАтФАтФАтФАтФАтФАтФАтФАтФАтФАтФАтФАтФАтФАтФАтФАтФАтФА

  13) [chromium] тА║ tests\booking.spec.ts:135:3 тА║ ╨Ч╨░╨┐╨╕╤Б╤М ╨▓ ╤Б╨░╨╗╨╛╨╜ тА║ 13. ╨Ч╨░╨┐╨╕╤Б╤М ╨╜╨░ ╤Г╤Б╨╗╤Г╨│╤Г ╨┤╨╛╤Б╤В╤Г╨┐╨╜╨░ ╤В╨╛╨╗╤М╨║╨╛ ╨▓ ╤А╨░╨▒╨╛╤З╨╕╨╡ ╤З╨░╤Б╤Л ╤Б╨░╨╗╨╛╨╜╨░ 

    Error: page.goto: net::ERR_CONNECTION_REFUSED at http://localhost:3000/
    Call log:
      - navigating to "http://localhost:3000/", waiting until "load"


       8 |
       9 | async function startBooking(page) {
    > 10 |   await page.goto('/');
         |              ^
      11 |   await page.getByRole('button', { name: /╨Ч╨░╨┐╨╕╤Б╨░╤В╤М╤Б╤П/ }).click();
      12 |   await expect(page.getByText('╨Т╤Л╨▒╨╡╤А╨╕╤В╨╡ ╤Г╤Б╨╗╤Г╨│╤Г')).toBeVisible();
      13 | }
        at startBooking (C:\Users\╨Ь╨╕╤А╨░\telegram\tests\booking.spec.ts:10:14)
        at chooseService (C:\Users\╨Ь╨╕╤А╨░\telegram\tests\booking.spec.ts:16:9)
        at chooseMaster (C:\Users\╨Ь╨╕╤А╨░\telegram\tests\booking.spec.ts:22:9)
        at C:\Users\╨Ь╨╕╤А╨░\telegram\tests\booking.spec.ts:136:11

    attachment #1: screenshot (image/png) тФАтФАтФАтФАтФАтФАтФАтФАтФАтФАтФАтФАтФАтФАтФАтФАтФАтФАтФАтФАтФАтФАтФАтФАтФАтФАтФАтФАтФАтФАтФАтФАтФАтФАтФАтФАтФАтФАтФАтФАтФАтФАтФАтФАтФАтФАтФАтФАтФАтФАтФАтФАтФАтФАтФАтФАтФАтФА
    test-results\booking-╨Ч╨░╨┐╨╕╤Б╤М-╨▓-╤Б╨░╨╗╨╛╨╜-13--4c6df-╨╛╨╗╤М╨║╨╛-╨▓-╤А╨░╨▒╨╛╤З╨╕╨╡-╤З╨░╤Б╤Л-╤Б╨░╨╗╨╛╨╜╨░-chromium\test-failed-1.png
    тФАтФАтФАтФАтФАтФАтФАтФАтФАтФАтФАтФАтФАтФАтФАтФАтФАтФАтФАтФАтФАтФАтФАтФАтФАтФАтФАтФАтФАтФАтФАтФАтФАтФАтФАтФАтФАтФАтФАтФАтФАтФАтФАтФАтФАтФАтФАтФАтФАтФАтФАтФАтФАтФАтФАтФАтФАтФАтФАтФАтФАтФАтФАтФАтФАтФАтФАтФАтФАтФАтФАтФАтФАтФАтФАтФАтФАтФАтФАтФАтФАтФАтФАтФАтФАтФАтФАтФАтФАтФАтФАтФАтФАтФАтФАтФА

    Error Context: test-results\booking-╨Ч╨░╨┐╨╕╤Б╤М-╨▓-╤Б╨░╨╗╨╛╨╜-13--4c6df-╨╛╨╗╤М╨║╨╛-╨▓-╤А╨░╨▒╨╛╤З╨╕╨╡-╤З╨░╤Б╤Л-╤Б╨░╨╗╨╛╨╜╨░-chromium\error-context.md

    attachment #3: trace (application/zip) тФАтФАтФАтФАтФАтФАтФАтФАтФАтФАтФАтФАтФАтФАтФАтФАтФАтФАтФАтФАтФАтФАтФАтФАтФАтФАтФАтФАтФАтФАтФАтФАтФАтФАтФАтФАтФАтФАтФАтФАтФАтФАтФАтФАтФАтФАтФАтФАтФАтФАтФАтФАтФАтФАтФАтФАтФА
    test-results\booking-╨Ч╨░╨┐╨╕╤Б╤М-╨▓-╤Б╨░╨╗╨╛╨╜-13--4c6df-╨╛╨╗╤М╨║╨╛-╨▓-╤А╨░╨▒╨╛╤З╨╕╨╡-╤З╨░╤Б╤Л-╤Б╨░╨╗╨╛╨╜╨░-chromium\trace.zip
    Usage:

        npx playwright show-trace test-results\booking-╨Ч╨░╨┐╨╕╤Б╤М-╨▓-╤Б╨░╨╗╨╛╨╜-13--4c6df-╨╛╨╗╤М╨║╨╛-╨▓-╤А╨░╨▒╨╛╤З╨╕╨╡-╤З╨░╤Б╤Л-╤Б╨░╨╗╨╛╨╜╨░-chromium\trace.zip

    тФАтФАтФАтФАтФАтФАтФАтФАтФАтФАтФАтФАтФАтФАтФАтФАтФАтФАтФАтФАтФАтФАтФАтФАтФАтФАтФАтФАтФАтФАтФАтФАтФАтФАтФАтФАтФАтФАтФАтФАтФАтФАтФАтФАтФАтФАтФАтФАтФАтФАтФАтФАтФАтФАтФАтФАтФАтФАтФАтФАтФАтФАтФАтФАтФАтФАтФАтФАтФАтФАтФАтФАтФАтФАтФАтФАтФАтФАтФАтФАтФАтФАтФАтФАтФАтФАтФАтФАтФАтФАтФАтФАтФАтФАтФАтФА

  14) [chromium] тА║ tests\booking.spec.ts:143:3 тА║ ╨Ч╨░╨┐╨╕╤Б╤М ╨▓ ╤Б╨░╨╗╨╛╨╜ тА║ 14. ╨Ч╨░╨┐╨╕╤Б╤М ╨╜╨░ ╨┐╤А╨╛╤И╨╗╤Г╤О ╨┤╨░╤В╤Г тАФ ╨╛╤И╨╕╨▒╨║╨░ 

    Error: page.goto: net::ERR_CONNECTION_REFUSED at http://localhost:3000/
    Call log:
      - navigating to "http://localhost:3000/", waiting until "load"


       8 |
       9 | async function startBooking(page) {
    > 10 |   await page.goto('/');
         |              ^
      11 |   await page.getByRole('button', { name: /╨Ч╨░╨┐╨╕╤Б╨░╤В╤М╤Б╤П/ }).click();
      12 |   await expect(page.getByText('╨Т╤Л╨▒╨╡╤А╨╕╤В╨╡ ╤Г╤Б╨╗╤Г╨│╤Г')).toBeVisible();
      13 | }
        at startBooking (C:\Users\╨Ь╨╕╤А╨░\telegram\tests\booking.spec.ts:10:14)
        at chooseService (C:\Users\╨Ь╨╕╤А╨░\telegram\tests\booking.spec.ts:16:9)
        at chooseMaster (C:\Users\╨Ь╨╕╤А╨░\telegram\tests\booking.spec.ts:22:9)
        at C:\Users\╨Ь╨╕╤А╨░\telegram\tests\booking.spec.ts:144:11

    attachment #1: screenshot (image/png) тФАтФАтФАтФАтФАтФАтФАтФАтФАтФАтФАтФАтФАтФАтФАтФАтФАтФАтФАтФАтФАтФАтФАтФАтФАтФАтФАтФАтФАтФАтФАтФАтФАтФАтФАтФАтФАтФАтФАтФАтФАтФАтФАтФАтФАтФАтФАтФАтФАтФАтФАтФАтФАтФАтФАтФАтФАтФА
    test-results\booking-╨Ч╨░╨┐╨╕╤Б╤М-╨▓-╤Б╨░╨╗╨╛╨╜-14-╨Ч╨░╨┐╨╕╤Б╤М-╨╜╨░-╨┐╤А╨╛╤И╨╗╤Г╤О-╨┤╨░╤В╤Г-тАФ-╨╛╤И╨╕╨▒╨║╨░-chromium\test-failed-1.png
    тФАтФАтФАтФАтФАтФАтФАтФАтФАтФАтФАтФАтФАтФАтФАтФАтФАтФАтФАтФАтФАтФАтФАтФАтФАтФАтФАтФАтФАтФАтФАтФАтФАтФАтФАтФАтФАтФАтФАтФАтФАтФАтФАтФАтФАтФАтФАтФАтФАтФАтФАтФАтФАтФАтФАтФАтФАтФАтФАтФАтФАтФАтФАтФАтФАтФАтФАтФАтФАтФАтФАтФАтФАтФАтФАтФАтФАтФАтФАтФАтФАтФАтФАтФАтФАтФАтФАтФАтФАтФАтФАтФАтФАтФАтФАтФА

    Error Context: test-results\booking-╨Ч╨░╨┐╨╕╤Б╤М-╨▓-╤Б╨░╨╗╨╛╨╜-14-╨Ч╨░╨┐╨╕╤Б╤М-╨╜╨░-╨┐╤А╨╛╤И╨╗╤Г╤О-╨┤╨░╤В╤Г-тАФ-╨╛╤И╨╕╨▒╨║╨░-chromium\error-context.md

    attachment #3: trace (application/zip) тФАтФАтФАтФАтФАтФАтФАтФАтФАтФАтФАтФАтФАтФАтФАтФАтФАтФАтФАтФАтФАтФАтФАтФАтФАтФАтФАтФАтФАтФАтФАтФАтФАтФАтФАтФАтФАтФАтФАтФАтФАтФАтФАтФАтФАтФАтФАтФАтФАтФАтФАтФАтФАтФАтФАтФАтФА
    test-results\booking-╨Ч╨░╨┐╨╕╤Б╤М-╨▓-╤Б╨░╨╗╨╛╨╜-14-╨Ч╨░╨┐╨╕╤Б╤М-╨╜╨░-╨┐╤А╨╛╤И╨╗╤Г╤О-╨┤╨░╤В╤Г-тАФ-╨╛╤И╨╕╨▒╨║╨░-chromium\trace.zip
    Usage:

        npx playwright show-trace test-results\booking-╨Ч╨░╨┐╨╕╤Б╤М-╨▓-╤Б╨░╨╗╨╛╨╜-14-╨Ч╨░╨┐╨╕╤Б╤М-╨╜╨░-╨┐╤А╨╛╤И╨╗╤Г╤О-╨┤╨░╤В╤Г-тАФ-╨╛╤И╨╕╨▒╨║╨░-chromium\trace.zip

    тФАтФАтФАтФАтФАтФАтФАтФАтФАтФАтФАтФАтФАтФАтФАтФАтФАтФАтФАтФАтФАтФАтФАтФАтФАтФАтФАтФАтФАтФАтФАтФАтФАтФАтФАтФАтФАтФАтФАтФАтФАтФАтФАтФАтФАтФАтФАтФАтФАтФАтФАтФАтФАтФАтФАтФАтФАтФАтФАтФАтФАтФАтФАтФАтФАтФАтФАтФАтФАтФАтФАтФАтФАтФАтФАтФАтФАтФАтФАтФАтФАтФАтФАтФАтФАтФАтФАтФАтФАтФАтФАтФАтФАтФАтФАтФА

  14 failed
    [chromium] тА║ tests\booking.spec.ts:60:3 тА║ ╨Ч╨░╨┐╨╕╤Б╤М ╨▓ ╤Б╨░╨╗╨╛╨╜ тА║ 1. /start ╨╛╤В╨║╤А╤Л╨▓╨░╨╡╤В ╨│╨╗╨░╨▓╨╜╨╛╨╡ ╨╝╨╡╨╜╤О тФАтФАтФАтФА
    [chromium] тА║ tests\booking.spec.ts:66:3 тА║ ╨Ч╨░╨┐╨╕╤Б╤М ╨▓ ╤Б╨░╨╗╨╛╨╜ тА║ 2. ╨Т╤Л╨▒╨╛╤А ╤Г╤Б╨╗╤Г╨│╨╕ тФАтФАтФАтФАтФАтФАтФАтФАтФАтФАтФАтФАтФАтФАтФАтФАтФАтФАтФАтФАтФА
    [chromium] тА║ tests\booking.spec.ts:71:3 тА║ ╨Ч╨░╨┐╨╕╤Б╤М ╨▓ ╤Б╨░╨╗╨╛╨╜ тА║ 3. ╨Т╤Л╨▒╨╛╤А ╨╝╨░╤Б╤В╨╡╤А╨░ тФАтФАтФАтФАтФАтФАтФАтФАтФАтФАтФАтФАтФАтФАтФАтФАтФАтФАтФАтФА
    [chromium] тА║ tests\booking.spec.ts:75:3 тА║ ╨Ч╨░╨┐╨╕╤Б╤М ╨▓ ╤Б╨░╨╗╨╛╨╜ тА║ 4. ╨Т╤Л╨▒╨╛╤А ╨┤╨░╤В╤Л тФАтФАтФАтФАтФАтФАтФАтФАтФАтФАтФАтФАтФАтФАтФАтФАтФАтФАтФАтФАтФАтФАтФА
    [chromium] тА║ tests\booking.spec.ts:79:3 тА║ ╨Ч╨░╨┐╨╕╤Б╤М ╨▓ ╤Б╨░╨╗╨╛╨╜ тА║ 5. ╨Т╤Л╨▒╨╛╤А ╨▓╤А╨╡╨╝╨╡╨╜╨╕ тФАтФАтФАтФАтФАтФАтФАтФАтФАтФАтФАтФАтФАтФАтФАтФАтФАтФАтФАтФА
    [chromium] тА║ tests\booking.spec.ts:84:3 тА║ ╨Ч╨░╨┐╨╕╤Б╤М ╨▓ ╤Б╨░╨╗╨╛╨╜ тА║ 6. ╨Т╨▓╨╛╨┤ ╨╕╨╝╨╡╨╜╨╕ тФАтФАтФАтФАтФАтФАтФАтФАтФАтФАтФАтФАтФАтФАтФАтФАтФАтФАтФАтФАтФАтФАтФА
    [chromium] тА║ tests\booking.spec.ts:90:3 тА║ ╨Ч╨░╨┐╨╕╤Б╤М ╨▓ ╤Б╨░╨╗╨╛╨╜ тА║ 7. ╨Т╨▓╨╛╨┤ ╤В╨╡╨╗╨╡╤Д╨╛╨╜╨░ тФАтФАтФАтФАтФАтФАтФАтФАтФАтФАтФАтФАтФАтФАтФАтФАтФАтФАтФАтФА
    [chromium] тА║ tests\booking.spec.ts:97:3 тА║ ╨Ч╨░╨┐╨╕╤Б╤М ╨▓ ╤Б╨░╨╗╨╛╨╜ тА║ 8. ╨Я╨╛╨┤╤В╨▓╨╡╤А╨╢╨┤╨╡╨╜╨╕╨╡ ╨╖╨░╨┐╨╕╤Б╨╕ тФАтФАтФАтФАтФАтФАтФАтФАтФАтФАтФАтФАтФА
    [chromium] тА║ tests\booking.spec.ts:105:3 тА║ ╨Ч╨░╨┐╨╕╤Б╤М ╨▓ ╤Б╨░╨╗╨╛╨╜ тА║ 9. ╨г╤Б╨┐╨╡╤И╨╜╨╛╨╡ ╤Б╨╛╤Е╤А╨░╨╜╨╡╨╜╨╕╨╡ ╨╖╨░╨┐╨╕╤Б╨╕ тФАтФАтФАтФАтФАтФА
    [chromium] тА║ tests\booking.spec.ts:110:3 тА║ ╨Ч╨░╨┐╨╕╤Б╤М ╨▓ ╤Б╨░╨╗╨╛╨╜ тА║ 10. ╨Ю╤В╨╝╨╡╨╜╨░ ╨╖╨░╨┐╨╕╤Б╨╕ тФАтФАтФАтФАтФАтФАтФАтФАтФАтФАтФАтФАтФАтФАтФАтФАтФАтФА
    [chromium] тА║ tests\booking.spec.ts:116:3 тА║ ╨Ч╨░╨┐╨╕╤Б╤М ╨▓ ╤Б╨░╨╗╨╛╨╜ тА║ 11. ╨Э╨╡╨╗╤М╨╖╤П ╨╖╨░╨┐╨╕╤Б╨░╤В╤М ╨┤╨▓╤Г╤Е ╨║╨╗╨╕╨╡╨╜╤В╨╛╨▓ ╨║ ╨╛╨┤╨╜╨╛╨╝╤Г ╨╝╨░╤Б╤В╨╡╤А╤Г ╨▓ ╨╛╨┤╨╜╨╛ ╨╕ ╤В╨╛ ╨╢╨╡ ╨▓╤А╨╡╨╝╤П 
    [chromium] тА║ tests\booking.spec.ts:129:3 тА║ ╨Ч╨░╨┐╨╕╤Б╤М ╨▓ ╤Б╨░╨╗╨╛╨╜ тА║ 12. ╨Э╨╡╨╗╤М╨╖╤П ╨╖╨░╨┐╨╕╤Б╨░╤В╤М ╨║╨╗╨╕╨╡╨╜╤В╨░ ╨║ ╨╝╨░╤Б╤В╨╡╤А╤Г, ╨║╨╛╤В╨╛╤А╤Л╨╣ ╨╜╨╡ ╨╛╨║╨░╨╖╤Л╨▓╨░╨╡╤В ╨▓╤Л╨▒╤А╨░╨╜╨╜╤Г╤О ╤Г╤Б╨╗╤Г╨│╤Г 
    [chromium] тА║ tests\booking.spec.ts:135:3 тА║ ╨Ч╨░╨┐╨╕╤Б╤М ╨▓ ╤Б╨░╨╗╨╛╨╜ тА║ 13. ╨Ч╨░╨┐╨╕╤Б╤М ╨╜╨░ ╤Г╤Б╨╗╤Г╨│╤Г ╨┤╨╛╤Б╤В╤Г╨┐╨╜╨░ ╤В╨╛╨╗╤М╨║╨╛ ╨▓ ╤А╨░╨▒╨╛╤З╨╕╨╡ ╤З╨░╤Б╤Л ╤Б╨░╨╗╨╛╨╜╨░ 
    [chromium] тА║ tests\booking.spec.ts:143:3 тА║ ╨Ч╨░╨┐╨╕╤Б╤М ╨▓ ╤Б╨░╨╗╨╛╨╜ тА║ 14. ╨Ч╨░╨┐╨╕╤Б╤М ╨╜╨░ ╨┐╤А╨╛╤И╨╗╤Г╤О ╨┤╨░╤В╤Г тАФ ╨╛╤И╨╕╨▒╨║╨░ 

To open last HTML report run:
[36m[39m
[36m  npx playwright show-report[39m
[36m[39m
